============================================================
NUMA Latency Characterization — node-0.mitchg-303725.cs620426sp-pg0.utah.cloudlab.us
Date: Fri May  1 01:16:02 PM MDT 2026
Results: /users/mitchg/numa-results/20260501_131602
============================================================
MLC binary: /users/mitchg/mlc/mlc

--- Phase 0: System snapshot ---
  Saved: topology.txt, lscpu.txt, cpuinfo.txt, topology_ascii.txt

--- Phase 1: NPS detection ---
NUMA nodes: 4
NPS4 confirmed — 4 NUMA domains (optimal).

--- Phase 2: MLC idle latency matrix ---
Intel(R) Memory Latency Checker - v3.12
Command line parameters: --idle_latency -e -r 

Using buffer size of 2000.000MiB
Each iteration took 262.0 base frequency clocks (	111.7	ns)

  Saved: idle_latency_matrix.txt

--- Phase 3: MLC loaded latency matrix ---
Intel(R) Memory Latency Checker - v3.12
Command line parameters: --loaded_latency -e -r 

Using buffer size of 100.000MiB/thread for reads and an additional 100.000MiB/thread for writes

Measuring Loaded Latencies for the system
Using all the threads from each core if Hyper-threading is enabled
Using Read-only traffic type
Inject	Latency	Bandwidth
Delay	(ns)	MB/sec
==========================
 00000	525.40	131472.3
 00002	525.92	131491.9
 00008	523.21	131742.2
 00015	522.84	131570.8
 00050	519.62	131764.8
 00100	392.99	132057.8
 00200	152.02	103096.2
 00300	139.95	 74711.5
 00400	136.07	 58876.8
 00500	133.40	 48238.1
 00700	130.30	 35637.9
 01000	120.83	 25529.8
 01300	116.18	 19883.1
 01700	115.33	 15397.0
 02500	114.53	 10687.2
 03500	114.00	  7811.0
 05000	113.58	  5645.9
 09000	113.15	  3394.3
 20000	112.76	  1841.9
  Saved: loaded_latency_matrix.txt

--- Phase 4: Pairwise numactl latency ---
  node0 → node0: N/A
  node0 → node1: N/A
  node0 → node2: N/A
  node0 → node3: N/A
  node1 → node0: N/A
  node1 → node1: N/A
  node1 → node2: N/A
  node1 → node3: N/A
  node2 → node0: N/A
  node2 → node1: N/A
  node2 → node2: N/A
  node2 → node3: N/A
  node3 → node0: N/A
  node3 → node1: N/A
  node3 → node2: N/A
  node3 → node3: N/A
  Saved: pairwise_latency.txt

--- Phase 5: MLC bandwidth matrix ---
Intel(R) Memory Latency Checker - v3.12
Command line parameters: --max_bandwidth -e 

Using buffer size of 100.000MiB/thread for reads and an additional 100.000MiB/thread for writes

Measuring Maximum Memory Bandwidths for the system
Will take several minutes to complete as multiple injection rates will be tried to get the best bandwidth
Bandwidths are in MB/sec (1 MB/sec = 1,000,000 Bytes/sec)
Using all the threads from each core if Hyper-threading is enabled
Using traffic with the following read-write ratios
ALL Reads        :	131706.4
3:1 Reads-Writes :	126511.4
2:1 Reads-Writes :	126773.9
1:1 Reads-Writes :	132680.2
Stream-triad like:	130499.7
All NT writes    :	 85061.3
1:1 Read-NT write:	138830.6

  Saved: bandwidth_matrix.txt

--- Phase 6: lmbench cross-check ---
  WARNING: lat_mem_rd not found. Skipping lmbench phase.

============================================================
All phases complete.
NPS mode : NPS4
Results  : /users/mitchg/numa-results/20260501_131602
Next step: python3 analysis/parse_numa_results.py /users/mitchg/numa-results/20260501_131602
============================================================
