============================================================
NUMA Latency Characterization — node-0.mitchg-304445.cs620426sp-pg0.utah.cloudlab.us
Date: Mon May  4 05:16:17 PM MDT 2026
Results: /users/mitchg/numa-results/20260504_171617
============================================================
MLC binary: /users/mitchg/mlc/mlc

--- Phase 0: System snapshot ---
  Saved: topology.txt, lscpu.txt, cpuinfo.txt, topology_ascii.txt

--- Phase 1: NPS detection ---
NUMA nodes: 4
NPS4 confirmed — 4 NUMA domains (optimal).

--- Phase 2: MLC idle latency matrix ---
Intel(R) Memory Latency Checker - v3.12
Command line parameters: --latency_matrix -e -r 

Using buffer size of 1800.000MiB
Measuring idle latencies for random access (in ns)...
		Numa node
Numa node	     0	     1	     2	     3	
       0	  98.4	 107.6	 117.4	 122.8	
       1	 111.9	  98.7	 127.0	 122.9	
       2	 116.9	 127.8	  98.7	 110.2	
       3	 123.2	 117.3	 107.7	  98.5	
  Saved: idle_latency_matrix.txt

--- Phase 3: MLC loaded latency matrix ---
Intel(R) Memory Latency Checker - v3.12
Command line parameters: --loaded_latency -e -r 

Using buffer size of 100.000MiB/thread for reads and an additional 100.000MiB/thread for writes

Measuring Loaded Latencies for the system
Using all the threads from each core if Hyper-threading is enabled
Using Read-only traffic type
Inject	Latency	Bandwidth
Delay	(ns)	MB/sec
==========================
 00000	529.25	131790.4
 00002	531.70	131742.2
 00008	528.81	131984.4
 00015	528.01	131973.8
 00050	523.78	131996.2
 00100	492.62	132177.3
 00200	152.33	113612.7
 00300	137.58	 80898.9
 00400	132.75	 62584.7
 00500	130.34	 50980.2
 00700	127.80	 37099.6
 01000	118.07	 26510.5
 01300	113.55	 20649.7
 01700	112.49	 15987.0
 02500	111.57	 11097.8
 03500	110.99	  8109.6
 05000	110.58	  5859.0
 09000	110.12	  3519.6
 20000	109.86	  1906.2
  Saved: loaded_latency_matrix.txt

--- Phase 4: Pairwise numactl latency ---
  node0 → node0: 111.8
  node0 → node1: 122.3
  node0 → node2: 131.6
  node0 → node3: 135.1
  node1 → node0: 111.8
  node1 → node1: 121.7
  node1 → node2: 132.9
  node1 → node3: 134.5
  node2 → node0: 111.8
  node2 → node1: 121.1
  node2 → node2: 132.1
  node2 → node3: 135.7
  node3 → node0: 111.8
  node3 → node1: 121.4
  node3 → node2: 131.9
  node3 → node3: 134.8
  Saved: pairwise_latency.txt

--- Phase 5: MLC bandwidth matrix ---
Intel(R) Memory Latency Checker - v3.12
Command line parameters: --max_bandwidth -e 

Using buffer size of 100.000MiB/thread for reads and an additional 100.000MiB/thread for writes

Measuring Maximum Memory Bandwidths for the system
Will take several minutes to complete as multiple injection rates will be tried to get the best bandwidth
Bandwidths are in MB/sec (1 MB/sec = 1,000,000 Bytes/sec)
Using all the threads from each core if Hyper-threading is enabled
Using traffic with the following read-write ratios
ALL Reads        :	131913.8
3:1 Reads-Writes :	126743.3
2:1 Reads-Writes :	126931.8
1:1 Reads-Writes :	132728.6
Stream-triad like:	130558.1
All NT writes    :	 85065.6
1:1 Read-NT write:	138923.7

  Saved: bandwidth_matrix.txt

--- Phase 6: lmbench cross-check ---
"stride=64
0.00049 1.197
0.00098 1.197
0.00195 1.197
0.00293 1.197
0.00391 1.198
0.00586 1.198
0.00781 1.197
0.01172 1.197
0.01562 1.197
0.02344 1.197
0.03125 1.197
0.04688 1.631
0.06250 1.629
0.09375 1.627
0.12500 1.626
0.18750 1.626
0.25000 1.719
0.37500 1.718
0.50000 1.781
0.75000 1.825
1.00000 1.845
1.50000 1.859
2.00000 1.866
3.00000 1.882
4.00000 1.887
6.00000 1.881
8.00000 1.909
12.00000 2.291
16.00000 3.547
24.00000 4.823
32.00000 4.915
48.00000 4.925
64.00000 4.933
96.00000 4.920
128.00000 4.919
192.00000 4.938
256.00000 4.936

  Saved: lmbench_local_256m.txt
"stride=64
0.00049 1.197
0.00098 1.197
0.00195 1.198
0.00293 1.197
0.00391 1.198
0.00586 1.198
0.00781 1.198
0.01172 1.197
0.01562 1.197
0.02344 1.197
0.03125 1.198
0.04688 1.630
0.06250 1.629
0.09375 1.626
0.12500 1.627
0.18750 1.625
0.25000 1.626
0.37500 1.669
0.50000 1.803
0.75000 1.843
1.00000 1.853
1.50000 1.861
2.00000 1.867
3.00000 1.909
4.00000 1.881
6.00000 1.882
8.00000 1.886
12.00000 2.261
16.00000 3.713
24.00000 5.062
32.00000 5.079
48.00000 5.087
64.00000 5.117
96.00000 5.198
128.00000 4.981
192.00000 5.081
256.00000 5.107

  Saved: lmbench_remote_256m.txt
"stride=64
0.00049 1.197
0.00098 1.197
0.00195 1.197
0.00293 1.197
0.00391 1.198
0.00586 1.197
0.00781 1.198
0.01172 1.198
0.01562 1.198
0.02344 1.198
0.03125 1.198
0.04688 1.630
0.06250 1.628
0.09375 1.628
0.12500 1.626
0.18750 1.625
0.25000 1.626
0.37500 1.677
0.50000 1.771
0.75000 1.856
1.00000 1.841

  Saved: lmbench_local_1g.txt
"stride=64
0.00049 1.197
0.00098 1.197
0.00195 1.198
0.00293 1.197
0.00391 1.197
0.00586 1.197
0.00781 1.197
0.01172 1.197
0.01562 1.198
0.02344 1.197
0.03125 1.197
0.04688 1.631
0.06250 1.628
0.09375 1.627
0.12500 1.625
0.18750 1.626
0.25000 1.705
0.37500 1.715
0.50000 1.735
0.75000 1.861
1.00000 1.851

  Saved: lmbench_remote_1g.txt

============================================================
All phases complete.
NPS mode : NPS4
Results  : /users/mitchg/numa-results/20260504_171617
Next step: python3 analysis/parse_numa_results.py /users/mitchg/numa-results/20260504_171617
============================================================
